// Jest Snapshot v1, https://goo.gl/fbAQLP

exports[`Shallow render example 1`] = `
<h1>
  <Header
    tooltip="tooltip"
  >
    Panel Header in H1
  </Header>
</h1>
`;

exports[`renders correctly with Header 1`] = `
<h5
  class="header"
  title=""
>
  Panel Header
</h5>
`;
